docker : #0 building with "desktop-linux" instance using docker driver
At line:1 char:27
+ ... Final\PEC ; docker build --no-cache -t test-build . > build_output.tx ...
+                 ~~~~~~~~~~~~~~~~~~~~~~~~~~~~~~~~~~~~~~~~~~~~~~~~~~~~~~~~~
    + CategoryInfo          : NotSpecified: (#0 building wit...g docker driver 
   :String) [], RemoteException
    + FullyQualifiedErrorId : NativeCommandError
 

#1 [internal] load build definition from Dockerfile
#1 transferring dockerfile: 687B 0.1s done
#1 DONE 0.1s

#2 [internal] load metadata for docker.io/library/node:20-alpine
#2 DONE 1.2s

#3 [internal] load .dockerignore
#3 transferring context: 232B 0.0s done
#3 DONE 0.0s

#4 [deps 1/4] FROM docker.io/library/node:20-alpine@sha256:f598378b5240225e6bea
b68fa9f356db1fb8efe55173e6d4d8153113bb8f333c
#4 resolve docker.io/library/node:20-alpine@sha256:f598378b5240225e6beab68fa9f3
56db1fb8efe55173e6d4d8153113bb8f333c 0.0s done
#4 DONE 0.0s

#5 [deps 2/4] WORKDIR /app
#5 CACHED

#6 [internal] load build context
#6 transferring context: 33.74kB 0.0s done
#6 DONE 0.0s

#7 [deps 3/4] COPY package*.json ./
#7 DONE 0.0s

#8 [deps 4/4] RUN npm ci --legacy-peer-deps
#8 6.527 npm warn deprecated tar@6.2.1: Old versions of tar are not supported, 
and contain widely publicized security vulnerabilities, which have been fixed 
in the current version. Please update. Support for old versions may be 
purchased (at exhorbitant rates) by contacting i@izs.me
#8 8.940 npm warn deprecated rimraf@3.0.2: Rimraf versions prior to v4 are no 
longer supported
#8 13.26 npm warn deprecated npmlog@5.0.1: This package is no longer supported.
#8 22.50 npm warn deprecated inflight@1.0.6: This module is not supported, and 
leaks memory. Do not use it. Check out lru-cache if you want a good and tested 
way to coalesce async requests by a key value, which is much more 
comprehensive and powerful.
#8 24.55 npm warn deprecated gauge@3.0.2: This package is no longer supported.
#8 36.88 npm warn deprecated are-we-there-yet@2.0.0: This package is no longer 
supported.
#8 57.47 npm warn deprecated glob@7.2.3: Glob versions prior to v9 are no 
longer supported
#8 58.92 npm warn deprecated glob@7.2.3: Glob versions prior to v9 are no 
longer supported
#8 133.2 
#8 133.2 added 859 packages, and audited 860 packages in 2m
#8 133.2 
#8 133.2 272 packages are looking for funding
#8 133.2   run `npm fund` for details
#8 133.2 
#8 133.2 18 vulnerabilities (6 moderate, 11 high, 1 critical)
#8 133.2 
#8 133.2 To address issues that do not require attention, run:
#8 133.2   npm audit fix
#8 133.2 
#8 133.2 To address all issues possible (including breaking changes), run:
#8 133.2   npm audit fix --force
#8 133.2 
#8 133.2 Some issues need review, and may require choosing
#8 133.2 a different dependency.
#8 133.2 
#8 133.2 Run `npm audit` for details.
#8 133.2 npm notice
#8 133.2 npm notice New major version of npm available! 10.8.2 -> 11.12.1
#8 133.2 npm notice Changelog: https://github.com/npm/cli/releases/tag/v11.12.1
#8 133.2 npm notice To update run: npm install -g npm@11.12.1
#8 133.2 npm notice
#8 DONE 133.6s

#9 [builder 3/5] COPY --from=deps /app/node_modules ./node_modules
#9 DONE 6.1s

#10 [builder 4/5] COPY . .
#10 DONE 1.1s

#11 [builder 5/5] RUN npm run build
#11 2.201 
#11 2.201 > pec-campus-erp@0.0.0 build
#11 2.201 > next build
#11 2.201 
#11 2.792 Attention: Next.js now collects completely anonymous telemetry 
regarding usage.
#11 2.792 This information is used to shape Next.js' roadmap and prioritize 
features.
#11 2.792 You can learn more, including how to opt-out if you'd not like to 
participate in this anonymous program, by visiting the following URL:
#11 2.792 https://nextjs.org/telemetry
#11 2.792 
#11 2.867    Γû▓ Next.js 15.5.14
#11 2.867    - Experiments (use with caution):
#11 2.867      ┬╖ optimizePackageImports
#11 2.867 
#11 2.961    Creating an optimized production build ...
#11 45.72  Γ£ô Compiled successfully in 42s
#11 45.74    Linting and checking validity of types ...
#11 46.20 
#11 46.20    We detected TypeScript in your project and reconfigured your 
tsconfig.json file for you. Strict-mode is set to false by default.
#11 46.20    The following mandatory changes were made to your tsconfig.json:
#11 46.20 
#11 46.20    	- jsx was set to preserve (next.js implements its own optimized 
jsx transform)
#11 46.20 
#11 54.28 
#11 54.28 Failed to compile.
#11 54.28 
#11 54.28 ./src/app/(protected)/admin/canteen/page.tsx
#11 54.28 408:25  Warning: Using `<img>` could result in slower LCP and higher 
bandwidth. Consider using `<Image />` from `next/image` or a custom image 
loader to automatically optimize images. This may incur additional usage or 
cost from your provider. See: https://nextjs.org/docs/messages/no-img-element  
@next/next/no-img-element
#11 54.28 408:25  Warning: img elements must have an alt prop, either with 
meaningful text, or an empty string for decorative images.  jsx-a11y/alt-text
#11 54.28 
#11 54.28 ./src/app/(protected)/admin/college-settings/page.tsx
#11 54.28 359:21  Warning: Using `<img>` could result in slower LCP and higher 
bandwidth. Consider using `<Image />` from `next/image` or a custom image 
loader to automatically optimize images. This may incur additional usage or 
cost from your provider. See: https://nextjs.org/docs/messages/no-img-element  
@next/next/no-img-element
#11 54.28 417:19  Warning: Using `<img>` could result in slower LCP and higher 
bandwidth. Consider using `<Image />` from `next/image` or a custom image 
loader to automatically optimize images. This may incur additional usage or 
cost from your provider. See: https://nextjs.org/docs/messages/no-img-element  
@next/next/no-img-element
#11 54.28 462:21  Warning: Using `<img>` could result in slower LCP and higher 
bandwidth. Consider using `<Image />` from `next/image` or a custom image 
loader to automatically optimize images. This may incur additional usage or 
cost from your provider. See: https://nextjs.org/docs/messages/no-img-element  
@next/next/no-img-element
#11 54.28 
#11 54.28 ./src/app/(protected)/attendance/page.tsx
#11 54.28 138:6  Warning: React Hook useEffect has a missing dependency: 
'fetchCourses'. Either include it or remove the dependency array.  
react-hooks/exhaustive-deps
#11 54.28 146:6  Warning: React Hook useEffect has a missing dependency: 
'fetchStudentAttendance'. Either include it or remove the dependency array.  
react-hooks/exhaustive-deps
#11 54.28 506:6  Warning: React Hook useEffect has a missing dependency: 
'fetchData'. Either include it or remove the dependency array.  
react-hooks/exhaustive-deps
#11 54.28 
#11 54.28 ./src/app/(protected)/campus-map/page.tsx
#11 54.28 356:6  Warning: React Hook useCallback has an unnecessary 
dependency: 'drawStart'. Either exclude it or remove the dependency array.  
react-hooks/exhaustive-deps
#11 54.28 
#11 54.28 ./src/app/(protected)/course-materials/page.tsx
#11 54.28 113:6  Warning: React Hook useEffect has a missing dependency: 
'fetchCourses'. Either include it or remove the dependency array.  
react-hooks/exhaustive-deps
#11 54.28 119:6  Warning: React Hook useEffect has a missing dependency: 
'fetchMaterials'. Either include it or remove the dependency array.  
react-hooks/exhaustive-deps
#11 54.28 423:6  Warning: React Hook useEffect has a missing dependency: 
'fetchData'. Either include it or remove the dependency array.  
react-hooks/exhaustive-deps
#11 54.28 
#11 54.28 ./src/app/(protected)/courses/page.tsx
#11 54.28 278:6  Warning: React Hook useEffect has missing dependencies: 
'authLoading' and 'fetchCourses'. Either include them or remove the dependency 
array.  react-hooks/exhaustive-deps
#11 54.28 
#11 54.28 ./src/app/(protected)/hostel-issues/page.tsx
#11 54.28 154:6  Warning: React Hook useEffect has a missing dependency: 
'fetchIssues'. Either include it or remove the dependency array.  
react-hooks/exhaustive-deps
#11 54.28 
#11 54.28 ./src/app/(protected)/settings/admin/CollegeSettings.tsx
#11 54.28 356:21  Warning: Using `<img>` could result in slower LCP and higher 
bandwidth. Consider using `<Image />` from `next/image` or a custom image 
loader to automatically optimize images. This may incur additional usage or 
cost from your provider. See: https://nextjs.org/docs/messages/no-img-element  
@next/next/no-img-element
#11 54.28 414:19  Warning: Using `<img>` could result in slower LCP and higher 
bandwidth. Consider using `<Image />` from `next/image` or a custom image 
loader to automatically optimize images. This may incur additional usage or 
cost from your provider. See: https://nextjs.org/docs/messages/no-img-element  
@next/next/no-img-element
#11 54.28 459:21  Warning: Using `<img>` could result in slower LCP and higher 
bandwidth. Consider using `<Image />` from `next/image` or a custom image 
loader to automatically optimize images. This may incur additional usage or 
cost from your provider. See: https://nextjs.org/docs/messages/no-img-element  
@next/next/no-img-element
#11 54.28 
#11 54.28 ./src/app/(protected)/settings/page.tsx
#11 54.28 102:6  Warning: React Hook useEffect has a missing dependency: 
'accentColors'. Either include it or remove the dependency array.  
react-hooks/exhaustive-deps
#11 54.28 
#11 54.28 ./src/app/(protected)/timetable/page.tsx
#11 54.28 221:6  Warning: React Hook useEffect has a missing dependency: 
'fetchData'. Either include it or remove the dependency array.  
react-hooks/exhaustive-deps
#11 54.28 
#11 54.28 ./src/app/layout.tsx
#11 54.28 22:9  Warning: Custom fonts not added in `pages/_document.js` will 
only load for a single page. This is discouraged. See: 
https://nextjs.org/docs/messages/no-page-custom-font  
@next/next/no-page-custom-font
#11 54.28 
#11 54.28 ./src/app/student/[id]/page.tsx
#11 54.28 100:6  Warning: React Hook useEffect has a missing dependency: 
'user?.uid'. Either include it or remove the dependency array.  
react-hooks/exhaustive-deps
#11 54.28 
#11 54.28 ./src/components/BulkUpload.tsx
#11 54.28 59:6  Warning: React Hook useCallback has a missing dependency: 
'validateAndSetData'. Either include it or remove the dependency array.  
react-hooks/exhaustive-deps
#11 54.28 
#11 54.28 ./src/components/GoogleTranslate.tsx
#11 54.28 201:6  Warning: React Hook useEffect has a missing dependency: 
'applyLanguageWithRetry'. Either include it or remove the dependency array.  
react-hooks/exhaustive-deps
#11 54.28 205:6  Warning: React Hook useEffect has a missing dependency: 
'applyLanguageWithRetry'. Either include it or remove the dependency array.  
react-hooks/exhaustive-deps
#11 54.28 
#11 54.28 ./src/components/attendance/QRAttendanceGenerator.tsx
#11 54.28 144:6  Warning: React Hook useEffect has a missing dependency: 
'endSession'. Either include it or remove the dependency array.  
react-hooks/exhaustive-deps
#11 54.28 181:6  Warning: React Hook useEffect has a missing dependency: 
'qrValue'. Either include it or remove the dependency array.  
react-hooks/exhaustive-deps
#11 54.28 
#11 54.28 ./src/components/chat/ChatInfoDialog.tsx
#11 54.28 67:6  Warning: React Hook useEffect has missing dependencies: 'isDM' 
and 'loadMembers'. Either include them or remove the dependency array.  
react-hooks/exhaustive-deps
#11 54.28 
#11 54.28 ./src/components/chat/ChatInput.tsx
#11 54.28 62:6  Warning: React Hook useEffect has a missing dependency: 
'fetchUsers'. Either include it or remove the dependency array.  
react-hooks/exhaustive-deps
#11 54.28 
#11 54.28 ./src/components/chat/ChatMessage.tsx
#11 54.28 166:15  Warning: Using `<img>` could result in slower LCP and higher 
bandwidth. Consider using `<Image />` from `next/image` or a custom image 
loader to automatically optimize images. This may incur additional usage or 
cost from your provider. See: https://nextjs.org/docs/messages/no-img-element  
@next/next/no-img-element
#11 54.28 
#11 54.28 ./src/components/chat/FloatingAIChat.tsx
#11 54.28 246:6  Warning: React Hook useEffect has a missing dependency: 
'getStudentContext'. Either include it or remove the dependency array.  
react-hooks/exhaustive-deps
#11 54.28 
#11 54.28 ./src/components/common/PDFImportDialog.tsx
#11 54.28 59:6  Warning: React Hook useCallback has a missing dependency: 
'handleFile'. Either include it or remove the dependency array.  
react-hooks/exhaustive-deps
#11 54.28 
#11 54.28 ./src/components/landing/LandingHero.tsx
#11 54.28 95:17  Warning: Using `<img>` could result in slower LCP and higher 
bandwidth. Consider using `<Image />` from `next/image` or a custom image 
loader to automatically optimize images. This may incur additional usage or 
cost from your provider. See: https://nextjs.org/docs/messages/no-img-element  
@next/next/no-img-element
#11 54.28 138:11  Warning: Using `<img>` could result in slower LCP and higher 
bandwidth. Consider using `<Image />` from `next/image` or a custom image 
loader to automatically optimize images. This may incur additional usage or 
cost from your provider. See: https://nextjs.org/docs/messages/no-img-element  
@next/next/no-img-element
#11 54.28 263:28  Warning: Using `<img>` could result in slower LCP and higher 
bandwidth. Consider using `<Image />` from `next/image` or a custom image 
loader to automatically optimize images. This may incur additional usage or 
cost from your provider. See: https://nextjs.org/docs/messages/no-img-element  
@next/next/no-img-element
#11 54.28 291:28  Warning: Using `<img>` could result in slower LCP and higher 
bandwidth. Consider using `<Image />` from `next/image` or a custom image 
loader to automatically optimize images. This may incur additional usage or 
cost from your provider. See: https://nextjs.org/docs/messages/no-img-element  
@next/next/no-img-element
#11 54.28 
#11 54.28 ./src/components/layout/CommandMenu.tsx
#11 54.28 127:36  Error: `"` can be escaped with `&quot;`, `&ldquo;`, `&#34;`, 
`&rdquo;`.  react/no-unescaped-entities
#11 54.28 127:44  Error: `"` can be escaped with `&quot;`, `&ldquo;`, `&#34;`, 
`&rdquo;`.  react/no-unescaped-entities
#11 54.28 
#11 54.28 ./src/components/layout/Header.tsx
#11 54.28 128:13  Warning: Using `<img>` could result in slower LCP and higher 
bandwidth. Consider using `<Image />` from `next/image` or a custom image 
loader to automatically optimize images. This may incur additional usage or 
cost from your provider. See: https://nextjs.org/docs/messages/no-img-element  
@next/next/no-img-element
#11 54.28 176:21  Warning: Using `<img>` could result in slower LCP and higher 
bandwidth. Consider using `<Image />` from `next/image` or a custom image 
loader to automatically optimize images. This may incur additional usage or 
cost from your provider. See: https://nextjs.org/docs/messages/no-img-element  
@next/next/no-img-element
#11 54.28 
#11 54.28 ./src/components/layout/Sidebar.tsx
#11 54.28 311:15  Warning: Using `<img>` could result in slower LCP and higher 
bandwidth. Consider using `<Image />` from `next/image` or a custom image 
loader to automatically optimize images. This may incur additional usage or 
cost from your provider. See: https://nextjs.org/docs/messages/no-img-element  
@next/next/no-img-element
#11 54.28 
#11 54.28 ./src/components/ui/animated-testimonials.tsx
#11 54.28 40:6  Warning: React Hook useEffect has a missing dependency: 
'handleNext'. Either include it or remove the dependency array.  
react-hooks/exhaustive-deps
#11 54.28 82:19  Warning: Using `<img>` could result in slower LCP and higher 
bandwidth. Consider using `<Image />` from `next/image` or a custom image 
loader to automatically optimize images. This may incur additional usage or 
cost from your provider. See: https://nextjs.org/docs/messages/no-img-element  
@next/next/no-img-element
#11 54.28 
#11 54.28 ./src/components/ui/image-with-blur.tsx
#11 54.28 31:13  Warning: Using `<img>` could result in slower LCP and higher 
bandwidth. Consider using `<Image />` from `next/image` or a custom image 
loader to automatically optimize images. This may incur additional usage or 
cost from your provider. See: https://nextjs.org/docs/messages/no-img-element  
@next/next/no-img-element
#11 54.28 51:7  Warning: Using `<img>` could result in slower LCP and higher 
bandwidth. Consider using `<Image />` from `next/image` or a custom image 
loader to automatically optimize images. This may incur additional usage or 
cost from your provider. See: https://nextjs.org/docs/messages/no-img-element  
@next/next/no-img-element
#11 54.28 
#11 54.28 ./src/components/ui/macbook-scroll.tsx
#11 54.28 50:19  Warning: Using `<img>` could result in slower LCP and higher 
bandwidth. Consider using `<Image />` from `next/image` or a custom image 
loader to automatically optimize images. This may incur additional usage or 
cost from your provider. See: https://nextjs.org/docs/messages/no-img-element  
@next/next/no-img-element
#11 54.28 
#11 54.28 ./src/hooks/use-chat-rooms.ts
#11 54.28 40:6  Warning: React Hook useEffect has a missing dependency: 
'user?.uid'. Either include it or remove the dependency array.  
react-hooks/exhaustive-deps
#11 54.28 
#11 54.28 ./src/hooks/useCollegeBrandingColors.ts
#11 54.28 61:6  Warning: React Hook useEffect has a missing dependency: 
'applyColorToCss'. Either include it or remove the dependency array.  
react-hooks/exhaustive-deps
#11 54.28 
#11 54.28 ./src/hooks/useFacultyPermissions.ts
#11 54.28 41:6  Warning: React Hook useEffect has a missing dependency: 
'resourceData'. Either include it or remove the dependency array.  
react-hooks/exhaustive-deps
#11 54.28 
#11 54.28 ./src/hooks/useGSAP.ts
#11 54.28 31:6  Warning: React Hook useEffect was passed a dependency list 
that is not an array literal. This means we can't statically verify whether 
you've passed the correct dependencies.  react-hooks/exhaustive-deps
#11 54.28 31:6  Warning: React Hook useEffect has a missing dependency: 
'callback'. Either include it or remove the dependency array. If 'callback' 
changes too often, find the parent component that defines it and wrap that 
definition in useCallback.  react-hooks/exhaustive-deps
#11 54.28 
#11 54.28 ./src/hooks/useResumeBuilder.ts
#11 54.28 194:6  Warning: React Hook useEffect has a missing dependency: 
'user'. Either include it or remove the dependency array.  
react-hooks/exhaustive-deps
#11 54.28 
#11 54.28 ./src/lib/accessControl.ts
#11 54.28 315:1  Warning: Assign object to a variable before exporting as 
module default  import/no-anonymous-default-export
#11 54.28 
#11 54.28 ./src/lib/firebase-bridge.ts
#11 54.28 178:1  Warning: Assign object to a variable before exporting as 
module default  import/no-anonymous-default-export
#11 54.28 
#11 54.28 ./src/lib/pdfExport.ts
#11 54.28 572:1  Warning: Assign object to a variable before exporting as 
module default  import/no-anonymous-default-export
#11 54.28 
#11 54.28 ./src/lib/postgres-bridge.ts
#11 54.28 776:1  Warning: Assign object to a variable before exporting as 
module default  import/no-anonymous-default-export
#11 54.28 
#11 54.28 info  - Need to disable some ESLint rules? Learn more here: 
https://nextjs.org/docs/app/api-reference/config/eslint#disabling-rules
#11 54.53 npm notice
#11 54.53 npm notice New major version of npm available! 10.8.2 -> 11.12.1
#11 54.53 npm notice Changelog: 
https://github.com/npm/cli/releases/tag/v11.12.1
#11 54.53 npm notice To update run: npm install -g npm@11.12.1
#11 54.53 npm notice
#11 ERROR: process "/bin/sh -c npm run build" did not complete successfully: 
exit code: 1
------
 > [builder 5/5] RUN npm run build:
54.28 
54.28 ./src/lib/postgres-bridge.ts
54.28 776:1  Warning: Assign object to a variable before exporting as module 
default  import/no-anonymous-default-export
54.28 
54.28 info  - Need to disable some ESLint rules? Learn more here: 
https://nextjs.org/docs/app/api-reference/config/eslint#disabling-rules
54.53 npm notice
54.53 npm notice New major version of npm available! 10.8.2 -> 11.12.1
54.53 npm notice Changelog: https://github.com/npm/cli/releases/tag/v11.12.1
54.53 npm notice To update run: npm install -g npm@11.12.1
54.53 npm notice
------
Dockerfile:14
--------------------
  12 |     COPY --from=deps /app/node_modules ./node_modules
  13 |     COPY . .
  14 | >>> RUN npm run build
  15 |     
  16 |     FROM node:20-alpine AS runner
--------------------
ERROR: failed to build: failed to solve: process "/bin/sh -c npm run build" 
did not complete successfully: exit code: 1
