
> pec-campus-erp@0.0.0 build
> next build

npm : ΓÜá `images.domains` is deprecated in favor of 
`images.remotePatterns`. Please update next.config.mjs 
to protect your application from malicious users.
At line:1 char:1
+ npm run build 2>&1 | Out-File -FilePath 
build_errors.txt
+ ~~~~~~~~~~~~~~~~~~
    + CategoryInfo          : NotSpecified: (ΓÜá `images 
   .dom...alicious users.:String) [], RemoteException
    + FullyQualifiedErrorId : NativeCommandError
 
Γû▓ Next.js 16.2.1 (Turbopack)
- Environments: .env.local
- Experiments (use with caution):
  ┬╖ optimizePackageImports

  Creating an optimized production build ...

> Build error occurred
Error: Turbopack build failed with 4 errors:
./src/pages/Settings.tsx:40:17
Module not found: Can't resolve './admin/CollegeSettings'
  [90m38 |[0m [36mimport[0m { authClient } 
[36mfrom[0m [32m'@/lib/auth-client'[0m;
  [90m39 |[0m [36mimport[0m { [33mLoadingGrid[0m } 
[36mfrom[0m [32m'@/components/common/AsyncState'[0m;
[31m[1m>[0m [90m40 |[0m [90m// Admin Settings[0m
  [90m   |[0m                 [31m[1m^[0m
[31m[1m>[0m [90m41 |[0m [36mimport[0m 
[33mCollegeSettings[0m [36mfrom[0m 
[32m'./admin/CollegeSettings'[0m;
  [90m   |[0m [31m[1m^^^^^^^^^^^^^^^^^^^^^^^^^^^^^^^^
^^^^^^^^^^^^^^^^^^^[0m
  [90m42 |[0m [36mimport[0m { [33mBuilding2[0m } 
[36mfrom[0m [32m'lucide-react'[0m;
  [90m43 |[0m
  [90m44 |[0m [36minterface[0m 
[33mConnectedAccount[0m {



Import trace:
  Client Component Browser:
    ./src/pages/Settings.tsx [Client Component Browser]
    ./src/lib/routePrefetchMap.ts [Client Component 
Browser]
    ./src/lib/routePrefetch.ts [Client Component Browser]
    ./src/components/layout/Sidebar.tsx [Client 
Component Browser]
    ./src/app/(protected)/layout.tsx [Client Component 
Browser]
    ./src/app/(protected)/layout.tsx [Server Component]

https://nextjs.org/docs/messages/module-not-found


./src/app/(protected)/resume-builder/page.tsx:5:1
Module not found: Can't resolve 
'@/hooks/useResumeBuilder'
  [90m3 |[0m [36mimport[0m { motion } [36mfrom[0m 
[32m"framer-motion"[0m;
  [90m4 |[0m [36mimport[0m { [33mLoadingGrid[0m } 
[36mfrom[0m [32m"@/components/common/AsyncState"[0m;
[31m[1m>[0m [90m5 |[0m [36mimport[0m { 
useResumeBuilder } [36mfrom[0m 
[32m"@/hooks/useResumeBuilder"[0m;
  [90m  |[0m [31m[1m^^^^^^^^^^^^^^^^^^^^^^^^^^^^^^^^^
^^^^^^^^^^^^^^^^^^^^^^^^^^^[0m
  [90m6 |[0m
  [90m7 |[0m [90m// Modular Components[0m
  [90m8 |[0m [36mimport[0m { [33mResumeHeader[0m } 
[36mfrom[0m [32m"./components/ResumeHeader"[0m;

Import map: aliased to relative 
'./src/hooks/useResumeBuilder' inside of [project]/


Import traces:
  Client Component Browser:
    ./src/app/(protected)/resume-builder/page.tsx 
[Client Component Browser]
    ./src/app/(protected)/resume-builder/page.tsx 
[Server Component]

  Client Component SSR:
    ./src/app/(protected)/resume-builder/page.tsx 
[Client Component SSR]
    ./src/app/(protected)/resume-builder/page.tsx 
[Server Component]

https://nextjs.org/docs/messages/module-not-found


./src/lib/routePrefetchMap.ts:11:26
Module not found: Can't resolve '@/pages/Examinations'
  [90m 9 |[0m   [32m"/timetable"[0m: () => 
[36mimport[0m([32m"@/pages/Timetable"[0m),
  [90m10 |[0m   [32m"/attendance"[0m: () => 
[36mimport[0m([32m"@/pages/Attendance"[0m),
[31m[1m>[0m [90m11 |[0m   [32m"/examinations"[0m: 
() => [36mimport[0m([32m"@/pages/Examinations"[0m),
  [90m   |[0m                          
[31m[1m^^^^^^^^^^^^^^^^^^^^^^^^^^^^^^[0m
  [90m12 |[0m   [32m"/resume-builder"[0m: () => [36m
import[0m([32m"@/pages/ResumeBuilderIvyLeague"[0m),
  [90m13 |[0m   [32m"/hostel-issues"[0m: () => 
[36mimport[0m([32m"@/pages/HostelIssues"[0m),
  [90m14 |[0m   [32m"/canteen"[0m: () => 
[36mimport[0m([32m"@/pages/NightCanteen"[0m),

Import map: aliased to relative 
'./src/pages/Examinations' inside of [project]/


Import trace:
  Client Component Browser:
    ./src/lib/routePrefetchMap.ts [Client Component 
Browser]
    ./src/lib/routePrefetch.ts [Client Component Browser]
    ./src/components/layout/Sidebar.tsx [Client 
Component Browser]
    ./src/app/(protected)/layout.tsx [Client Component 
Browser]
    ./src/app/(protected)/layout.tsx [Server Component]

https://nextjs.org/docs/messages/module-not-found


./src/lib/routePrefetchMap.ts:12:28
Module not found: Can't resolve 
'@/pages/ResumeBuilderIvyLeague'
  [90m10 |[0m   [32m"/attendance"[0m: () => 
[36mimport[0m([32m"@/pages/Attendance"[0m),
  [90m11 |[0m   [32m"/examinations"[0m: () => 
[36mimport[0m([32m"@/pages/Examinations"[0m),
[31m[1m>[0m [90m12 |[0m   
[32m"/resume-builder"[0m: () => [36mimport[0m([32m"@
/pages/ResumeBuilderIvyLeague"[0m),
  [90m   |[0m                            
[31m[1m^^^^^^^^^^^^^^^^^^^^^^^^^^^^^^^^^^^^^^^^[0m
  [90m13 |[0m   [32m"/hostel-issues"[0m: () => 
[36mimport[0m([32m"@/pages/HostelIssues"[0m),
  [90m14 |[0m   [32m"/canteen"[0m: () => 
[36mimport[0m([32m"@/pages/NightCanteen"[0m),
  [90m15 |[0m   [32m"/campus-map"[0m: () => 
[36mimport[0m([32m"@/pages/CampusMap"[0m),

Import map: aliased to relative 
'./src/pages/ResumeBuilderIvyLeague' inside of [project]/


Import trace:
  Client Component Browser:
    ./src/lib/routePrefetchMap.ts [Client Component 
Browser]
    ./src/lib/routePrefetch.ts [Client Component Browser]
    ./src/components/layout/Sidebar.tsx [Client 
Component Browser]
    ./src/app/(protected)/layout.tsx [Client Component 
Browser]
    ./src/app/(protected)/layout.tsx [Server Component]

https://nextjs.org/docs/messages/module-not-found


    at <unknown> (./src/pages/Settings.tsx:40:17)
    at <unknown> 
(https://nextjs.org/docs/messages/module-not-found)
    at <unknown> 
(./src/app/(protected)/resume-builder/page.tsx:5:1)
    at <unknown> 
(https://nextjs.org/docs/messages/module-not-found)
    at <unknown> (./src/lib/routePrefetchMap.ts:11:26)
    at <unknown> 
(https://nextjs.org/docs/messages/module-not-found)
    at <unknown> (./src/lib/routePrefetchMap.ts:12:28)
    at <unknown> 
(https://nextjs.org/docs/messages/module-not-found)
